2015-08-05 15:29:11 [scrapy] INFO: Scrapy 1.0.1 started (bot: Crawler)
2015-08-05 15:29:11 [scrapy] INFO: Optional features available: ssl, http11
2015-08-05 15:29:11 [scrapy] INFO: Overridden settings: {'NEWSPIDER_MODULE': 'Crawler.spiders', 'SPIDER_MODULES': ['Crawler.spiders'], 'LOG_FILE': 'test.log', 'BOT_NAME': 'Crawler'}
